// Jest Snapshot v1, https://goo.gl/fbAQLP

exports[`Tests for If component Should rendering el props  1`] = `
<h2>
  Must be show
</h2>
`;

exports[`Tests for If component Should rendering without crash  1`] = `
<h1>
  Must be show
</h1>
`;
