// Jest Snapshot v1, https://goo.gl/fbAQLP

exports[`Tests for Show component Should rendering without crash  1`] = `
<h1>
  Must be show
</h1>
`;

exports[`Tests for Show component Should return null when only is a false value  1`] = `null`;
