// Jest Snapshot v1, https://goo.gl/fbAQLP

exports[`Tests for Configurations component Should render without crash 1`] = `
<div
  className="Dropdown__StyledDropdown-sc-14kwj8x-0 iZGQRX"
  onMouseEnter={[Function]}
  onMouseLeave={[Function]}
>
  <span
    className="icon icon-config Icon__StyledIcon-crr1cg-0 cmjVJQ"
    disabled={false}
    fontSize="1.75rem"
    onClick={null}
  />
  <ul
    className="DropdownList__StyledDropdownList-vjd4uo-0 iDpmEs"
  >
    <li
      className="DropdownItem__StyledDropdownItem-sc-102yxuy-0 jhIdjc"
      onClick={null}
    >
      <span
        className="DropdownTitle__StyledDropdownTitle-y9o5oh-0 hFdNKe"
      >
        Configurações
      </span>
    </li>
    <li
      className="DropdownItem__StyledDropdownItem-sc-102yxuy-0 kBLyiT"
      onClick={[Function]}
    >
      <span
        className="DropdownLabel__StyledDropdownLabel-scn6ga-0 fJmcGN"
      >
        Alterar senha
      </span>
    </li>
    <li
      className="DropdownItem__StyledDropdownItem-sc-102yxuy-0 hOZFkb"
      onClick={[Function]}
    >
      <span
        className="DropdownLabel__StyledDropdownLabel-scn6ga-0 fJmcGN"
      >
        Sair
      </span>
    </li>
  </ul>
</div>
`;
