// Jest Snapshot v1, https://goo.gl/fbAQLP

exports[`Tests for Hotel component Should render withou crash 1`] = `
Array [
  <div
    className="WrapperPadding-ovjbyx-0 lcnoja"
  >
    <div
      className="Panel__StyledPanel-sc-1qzkpb6-0 cGUlCn"
    >
      <span
        className="Panel__StyledIcon-sc-1qzkpb6-2 iavvSk"
      >
        <span
          className="icon icon-hotel Icon__StyledIcon-crr1cg-0 dfhcZR"
          disabled={false}
          fontSize="3rem"
          onClick={null}
        />
      </span>
      <div
        className="UploadButton__StyledContainer-sc-1p8zoc-0 fpZFIG"
      >
        <label
          className="UploadButton__StyledUploadButton-sc-1p8zoc-3 ivhrYW"
          htmlFor="inputFile"
        >
          +
        </label>
        <input
          accept="image/png, image/jpeg"
          className="UploadButton__InputFile-sc-1p8zoc-4 eLaooA"
          id="inputFile"
          onChange={[Function]}
          type="file"
        />
      </div>
    </div>
    <ul
      className="PanelActions__StyledActions-sc-8xk8c8-0 lllkGw"
    />
  </div>,
  <form
    className="FormBuilder__StyledForm-c1htou-0 PZxQa"
    onSubmit={[Function]}
  >
    <div
      className="form__container"
    >
      <div
        className="FormGroup__StyledFormGroup-hydimu-0 isOWlT"
      >
        <label
          className="FormLabel__StyledFormLabel-vu10xa-0 cVRKKv"
        >
          Nome do Hotel
          
          <span
            className="FormRequired__StyledFormRequired-svb7d8-0 jawWZC"
          >
             *
          </span>
        </label>
        <div
          className="FormSuggest__StyledAutosuggest-d8stcq-0 gUlkuf"
        >
          <div
            aria-expanded={false}
            aria-haspopup="listbox"
            aria-owns="react-autowhatever-library.name"
            className="react-autosuggest__container"
            role="combobox"
          >
            <input
              aria-activedescendant={null}
              aria-autocomplete="list"
              aria-controls="react-autowhatever-library.name"
              autoComplete="off"
              className="react-autosuggest__input"
              disabled={false}
              onBlur={[Function]}
              onChange={[Function]}
              onFocus={[Function]}
              onKeyDown={[Function]}
              type="text"
              value=""
            />
            <div
              className="react-autosuggest__suggestions-container"
              id="react-autowhatever-library.name"
              role="listbox"
            />
          </div>
        </div>
      </div>
      <div
        className="FormGroup__StyledFormGroup-hydimu-0 isOWlT"
      >
        <label
          className="FormLabel__StyledFormLabel-vu10xa-0 cVRKKv"
        >
          Endereço
          
          <span
            className="FormRequired__StyledFormRequired-svb7d8-0 jawWZC"
          >
             *
          </span>
        </label>
        <input
          className="FormField__Field-sc-1at7ilr-0 ceLHeu FormInput__StyledFormInput-sc-77s1r2-0 XtSyS"
          data-cy="input-library.address"
          disabled={false}
          id="address"
          maxLength={255}
          name="library.address"
          onBlur={[Function]}
          onChange={[Function]}
          onFocus={[Function]}
          onKeyDown={[Function]}
          placeholder=""
          readOnly={false}
          required={true}
          type="text"
          value=""
        />
      </div>
      <div
        className="FormGroup__StyledFormGroup-hydimu-0 isOWlT"
      >
        <label
          className="FormLabel__StyledFormLabel-vu10xa-0 cVRKKv"
        >
          Data de check-in
          
          <span
            className="FormRequired__StyledFormRequired-svb7d8-0 jawWZC"
          >
             *
          </span>
        </label>
        <div
          className="FormDate__StyledFormDate-sc-1cgz0rk-0 ebKpCI"
        >
          <div
            className="SingleDatePicker SingleDatePicker_1"
          >
            <div>
              <div
                className="SingleDatePickerInput SingleDatePickerInput_1"
              >
                <div
                  className="DateInput DateInput_1"
                >
                  <input
                    aria-describedby="DateInput__screen-reader-message-"
                    aria-label="Selecione uma data..."
                    autoComplete="off"
                    className="DateInput_input DateInput_input_1 DateInput_input__readOnly DateInput_input__readOnly_2"
                    disabled={false}
                    id=""
                    name=""
                    onChange={[Function]}
                    onFocus={[Function]}
                    onKeyDown={[Function]}
                    placeholder="Selecione uma data..."
                    readOnly={true}
                    required={false}
                    type="text"
                    value="01 Mar 2019"
                  />
                  <p
                    className="DateInput_screenReaderMessage DateInput_screenReaderMessage_1"
                    id="DateInput__screen-reader-message-"
                  >
                    Press the down arrow key to interact with the calendar and
  select a date. Press the question mark key to get the keyboard shortcuts for changing dates.
                  </p>
                </div>
                <button
                  className="SingleDatePickerInput_calendarIcon SingleDatePickerInput_calendarIcon_1"
                  disabled={false}
                  onClick={[Function]}
                  type="button"
                >
                  <span
                    className="icon icon-calendar Icon__StyledIcon-crr1cg-0 cmjVJQ"
                    disabled={false}
                    fontSize="1.75rem"
                    onClick={null}
                  />
                </button>
              </div>
            </div>
          </div>
        </div>
      </div>
      <div
        className="FormGroup__StyledFormGroup-hydimu-0 isOWlT"
      >
        <label
          className="FormLabel__StyledFormLabel-vu10xa-0 cVRKKv"
        >
          Horário de check-in
          
          <span
            className="FormRequired__StyledFormRequired-svb7d8-0 jawWZC"
          >
             *
          </span>
        </label>
        <div
          className="FormTime__StyledFormTime-sc-1ka3ing-1 bdjJPj"
        >
          <input
            className="FormTime__StyledDatePicker-sc-1ka3ing-0 hCpkqS"
            disabled={false}
            onChange={[Function]}
            options={
              Object {
                "blocks": Array [
                  2,
                  2,
                ],
                "delimiters": Array [
                  ":",
                ],
              }
            }
            placeholderText="Selecione um horário..."
            value="19:00"
          />
        </div>
      </div>
      <div
        className="FormGroup__StyledFormGroup-hydimu-0 isOWlT"
      >
        <label
          className="FormLabel__StyledFormLabel-vu10xa-0 cVRKKv"
        >
          Data de check-out
          
          <span
            className="FormRequired__StyledFormRequired-svb7d8-0 jawWZC"
          >
             *
          </span>
        </label>
        <div
          className="FormDate__StyledFormDate-sc-1cgz0rk-0 ebKpCI"
        >
          <div
            className="SingleDatePicker SingleDatePicker_1"
          >
            <div>
              <div
                className="SingleDatePickerInput SingleDatePickerInput_1"
              >
                <div
                  className="DateInput DateInput_1"
                >
                  <input
                    aria-describedby="DateInput__screen-reader-message-"
                    aria-label="Selecione uma data..."
                    autoComplete="off"
                    className="DateInput_input DateInput_input_1 DateInput_input__readOnly DateInput_input__readOnly_2"
                    disabled={false}
                    id=""
                    name=""
                    onChange={[Function]}
                    onFocus={[Function]}
                    onKeyDown={[Function]}
                    placeholder="Selecione uma data..."
                    readOnly={true}
                    required={false}
                    type="text"
                    value="02 Mar 2019"
                  />
                  <p
                    className="DateInput_screenReaderMessage DateInput_screenReaderMessage_1"
                    id="DateInput__screen-reader-message-"
                  >
                    Press the down arrow key to interact with the calendar and
  select a date. Press the question mark key to get the keyboard shortcuts for changing dates.
                  </p>
                </div>
                <button
                  className="SingleDatePickerInput_calendarIcon SingleDatePickerInput_calendarIcon_1"
                  disabled={false}
                  onClick={[Function]}
                  type="button"
                >
                  <span
                    className="icon icon-calendar Icon__StyledIcon-crr1cg-0 cmjVJQ"
                    disabled={false}
                    fontSize="1.75rem"
                    onClick={null}
                  />
                </button>
              </div>
            </div>
          </div>
        </div>
      </div>
      <div
        className="FormGroup__StyledFormGroup-hydimu-0 isOWlT"
      >
        <label
          className="FormLabel__StyledFormLabel-vu10xa-0 cVRKKv"
        >
          Horário de check-out
          
          <span
            className="FormRequired__StyledFormRequired-svb7d8-0 jawWZC"
          >
             *
          </span>
        </label>
        <div
          className="FormTime__StyledFormTime-sc-1ka3ing-1 bdjJPj"
        >
          <input
            className="FormTime__StyledDatePicker-sc-1ka3ing-0 hCpkqS"
            disabled={false}
            onChange={[Function]}
            options={
              Object {
                "blocks": Array [
                  2,
                  2,
                ],
                "delimiters": Array [
                  ":",
                ],
              }
            }
            placeholderText="Selecione um horário..."
            value="19:00"
          />
        </div>
      </div>
      <div
        className="FormGroup__StyledFormGroup-hydimu-0 isOWlT"
      >
        <label
          className="FormLabel__StyledFormLabel-vu10xa-0 cVRKKv"
        >
          Quantidade de hóspedes
          
          <span
            className="FormRequired__StyledFormRequired-svb7d8-0 jawWZC"
          >
             *
          </span>
        </label>
        <input
          className="FormField__Field-sc-1at7ilr-0 ceLHeu FormInput__StyledFormInput-sc-77s1r2-0 XtSyS"
          data-cy="input-guestCount"
          disabled={false}
          id="guestCount"
          maxLength={255}
          min={1}
          name="guestCount"
          onBlur={[Function]}
          onChange={[Function]}
          onFocus={[Function]}
          onKeyDown={[Function]}
          placeholder=""
          readOnly={false}
          required={true}
          type="number"
          value="4"
        />
      </div>
      <div
        className="FormGroup__StyledFormGroup-hydimu-0 isOWlT"
      >
        <label
          className="FormLabel__StyledFormLabel-vu10xa-0 cVRKKv"
        >
          Código da reserva
          
          <span
            className="FormRequired__StyledFormRequired-svb7d8-0 jawWZC"
          >
             *
          </span>
        </label>
        <input
          className="FormField__Field-sc-1at7ilr-0 ceLHeu FormInput__StyledFormInput-sc-77s1r2-0 XtSyS"
          data-cy="input-reserveCode"
          disabled={false}
          id="reserveCode"
          maxLength={15}
          name="reserveCode"
          onBlur={[Function]}
          onChange={[Function]}
          onFocus={[Function]}
          onKeyDown={[Function]}
          placeholder=""
          readOnly={false}
          required={true}
          type="text"
          value=""
        />
      </div>
      <div
        className="FormGroup__StyledFormGroup-hydimu-0 vziFA"
      >
        <label
          className="FormLabel__StyledFormLabel-vu10xa-0 cVRKKv"
        >
          Tipo de quarto
          
          <span
            className="FormRequired__StyledFormRequired-svb7d8-0 jawWZC"
          >
             *
          </span>
        </label>
        <input
          className="FormField__Field-sc-1at7ilr-0 ceLHeu FormInput__StyledFormInput-sc-77s1r2-0 XtSyS"
          data-cy="input-roomType"
          disabled={false}
          id="roomType"
          maxLength={120}
          name="roomType"
          onBlur={[Function]}
          onChange={[Function]}
          onFocus={[Function]}
          onKeyDown={[Function]}
          placeholder=""
          readOnly={false}
          required={true}
          type="text"
          value="Deluxe"
        />
      </div>
      <div
        className="FormGroup__StyledFormGroup-hydimu-0 vziFA"
      >
        <label
          className="FormLabel__StyledFormLabel-vu10xa-0 cVRKKv"
        >
          Refeições incluídas
          
          <span
            className="FormRequired__StyledFormRequired-svb7d8-0 jawWZC"
          >
             *
          </span>
        </label>
        <div
          className="FormCheck__StyledOption-sc-4ngozm-1 Tgnbj"
        >
          <input
            checked={false}
            id="breakfast"
            name="breakfast"
            onChange={[Function]}
            type="checkbox"
            value="breakfast"
          />
          <span
            className="FormCheck__StyledLabel-sc-4ngozm-0 ijqNlP"
          >
            Café da manhã
          </span>
        </div>
        <div
          className="FormCheck__StyledOption-sc-4ngozm-1 Tgnbj"
        >
          <input
            checked={false}
            id="lunch"
            name="lunch"
            onChange={[Function]}
            type="checkbox"
            value="lunch"
          />
          <span
            className="FormCheck__StyledLabel-sc-4ngozm-0 ijqNlP"
          >
            Almoço
          </span>
        </div>
        <div
          className="FormCheck__StyledOption-sc-4ngozm-1 Tgnbj"
        >
          <input
            checked={false}
            id="dinner"
            name="dinner"
            onChange={[Function]}
            type="checkbox"
            value="dinner"
          />
          <span
            className="FormCheck__StyledLabel-sc-4ngozm-0 ijqNlP"
          >
            Jantar
          </span>
        </div>
      </div>
      <div
        className="FormGroup__StyledFormGroup-hydimu-0 vziFA"
      >
        <label
          className="FormLabel__StyledFormLabel-vu10xa-0 cVRKKv"
        >
          Diferenciais
          
        </label>
        <input
          className="FormField__Field-sc-1at7ilr-0 ceLHeu FormInput__StyledFormInput-sc-77s1r2-0 XtSyS"
          data-cy="input-library.differences"
          disabled={false}
          id="differences"
          maxLength={255}
          name="library.differences"
          onBlur={[Function]}
          onChange={[Function]}
          onFocus={[Function]}
          onKeyDown={[Function]}
          placeholder=""
          readOnly={false}
          required={false}
          type="text"
          value=""
        />
      </div>
      <div
        className="FormGroup__StyledFormGroup-hydimu-0 vziFA"
      >
        <label
          className="FormLabel__StyledFormLabel-vu10xa-0 cVRKKv"
        >
          Selecionar passageiros
          
          <span
            className="FormRequired__StyledFormRequired-svb7d8-0 jawWZC"
          >
             *
          </span>
        </label>
      </div>
    </div>
  </form>,
  <div
    className="FormButtonContainer-sc-1cqqivn-0 ADyLt"
  >
    <button
      className="Button__StyledButton-sc-1fc3klx-0 bEGBgE"
      disabled={false}
      fill={false}
      onClick={[Function]}
    >
      Salvar serviço
    </button>
    <a
      className="Cancel__StyledCancel-sc-1prgtit-0 WzuoR"
      to="/travel/5c702543793e3b6d3d2f7aa6/script"
    >
      Cancelar
    </a>
  </div>,
]
`;
