// Jest Snapshot v1, https://goo.gl/fbAQLP

exports[`Tests for Brand component Should rendering without crash  1`] = `
<span
  className="Brand__StyledBrand-sc-19fy8m0-0 jmSzTQ"
/>
`;
