// Jest Snapshot v1, https://goo.gl/fbAQLP

exports[`Tests for Empty component Should rendering without crash  1`] = `null`;
