// Jest Snapshot v1, https://goo.gl/fbAQLP

exports[`Tests for Button component Should rendering without crash 1`] = `
<button
  className="Button__StyledButton-sc-6tss9n-0 dHMzfC"
  disabled={false}
/>
`;
