// Jest Snapshot v1, https://goo.gl/fbAQLP

exports[`Tests for PanelActions component Should rendering without crash 1`] = `
<ul
  className="PanelActions__StyledActions-sc-8xk8c8-0 lllkGw"
/>
`;
