// Jest Snapshot v1, https://goo.gl/fbAQLP

exports[`Tests for Dropdown component Should rendering without crash  1`] = `
<div
  className="Dropdown__StyledDropdown-sc-14kwj8x-0 iZGQRX"
  onMouseEnter={[Function]}
  onMouseLeave={[Function]}
>
  <img
    alt="Johnny Silva"
    className="DropdownPicture__StyledDropdownPicture-ylb9qy-0 iHpJFt"
    src="https://api.adorable.io/avatars/100/tpt-platform"
  />
  <ul
    className="DropdownList__StyledDropdownList-vjd4uo-0 iDpmEs"
  >
    <li
      className="DropdownItem__StyledDropdownItem-sc-102yxuy-0 jhIdjc"
      onClick={null}
    >
      <span
        className="DropdownTitle__StyledDropdownTitle-y9o5oh-0 hFdNKe"
      >
        Meu perfil
      </span>
    </li>
    <li
      className="DropdownItem__StyledDropdownItem-sc-102yxuy-0 kBLyiT"
      onClick={null}
    >
      <span
        className="DropdownLabel__StyledDropdownLabel-scn6ga-0 fJmcGN"
      >
        Johnny Silva
      </span>
      <span
        className="DropdownLabel__StyledDropdownLabel-scn6ga-0 gxUkFn"
      >
        johnny.silva@teresaperez.com.br
      </span>
    </li>
    <li
      className="DropdownItem__StyledDropdownItem-sc-102yxuy-0 kBLyiT"
      onClick={null}
    >
      <span
        className="DropdownLabel__StyledDropdownLabel-scn6ga-0 fJmcGN"
      >
        Registro de atividades
      </span>
      <span
        className="DropdownLabel__StyledDropdownLabel-scn6ga-0 gxUkFn"
      >
        Atualizado Ã s 8:45
      </span>
    </li>
  </ul>
</div>
`;
